[0.010s] Invoking command in '/home/jashan/training_pool/build/drdo_gz_worlds': CMAKE_PREFIX_PATH=${CMAKE_PREFIX_PATH}:/opt/ros/humble /usr/bin/cmake --build /home/jashan/training_pool/build/drdo_gz_worlds -- -j20 -l20
[0.045s] Invoked command in '/home/jashan/training_pool/build/drdo_gz_worlds' returned '0': CMAKE_PREFIX_PATH=${CMAKE_PREFIX_PATH}:/opt/ros/humble /usr/bin/cmake --build /home/jashan/training_pool/build/drdo_gz_worlds -- -j20 -l20
[0.054s] Invoking command in '/home/jashan/training_pool/build/drdo_gz_worlds': CMAKE_PREFIX_PATH=${CMAKE_PREFIX_PATH}:/opt/ros/humble /usr/bin/cmake --install /home/jashan/training_pool/build/drdo_gz_worlds
[0.062s] -- Install configuration: ""
[0.062s] -- Up-to-date: /home/jashan/training_pool/install/drdo_gz_worlds/share/drdo_gz_worlds/worlds
[0.062s] -- Installing: /home/jashan/training_pool/install/drdo_gz_worlds/share/drdo_gz_worlds/worlds/drdo_world2.sdf
[0.062s] -- Installing: /home/jashan/training_pool/install/drdo_gz_worlds/share/drdo_gz_worlds/worlds/drdo_world1.sdf
[0.062s] -- Installing: /home/jashan/training_pool/install/drdo_gz_worlds/share/drdo_gz_worlds/worlds/drdo_world1_overlay.sdf
[0.062s] -- Installing: /home/jashan/training_pool/install/drdo_gz_worlds/share/drdo_gz_worlds/worlds/drdo_world3.sdf
[0.062s] -- Installing: /home/jashan/training_pool/install/drdo_gz_worlds/share/drdo_gz_worlds/worlds/drdo_world2_overlay.sdf
[0.062s] -- Up-to-date: /home/jashan/training_pool/install/drdo_gz_worlds/share/drdo_gz_worlds/models
[0.062s] -- Up-to-date: /home/jashan/training_pool/install/drdo_gz_worlds/share/drdo_gz_worlds/models/world1_mesh
[0.062s] -- Up-to-date: /home/jashan/training_pool/install/drdo_gz_worlds/share/drdo_gz_worlds/models/world1_mesh/meshes
[0.062s] -- Up-to-date: /home/jashan/training_pool/install/drdo_gz_worlds/share/drdo_gz_worlds/models/world1_mesh/meshes/terrain_raster.dae
[0.062s] -- Up-to-date: /home/jashan/training_pool/install/drdo_gz_worlds/share/drdo_gz_worlds/models/world1_mesh/model.config
[0.062s] -- Up-to-date: /home/jashan/training_pool/install/drdo_gz_worlds/share/drdo_gz_worlds/models/world1_mesh/model.sdf
[0.062s] -- Up-to-date: /home/jashan/training_pool/install/drdo_gz_worlds/share/drdo_gz_worlds/models/world1
[0.062s] -- Up-to-date: /home/jashan/training_pool/install/drdo_gz_worlds/share/drdo_gz_worlds/models/world1/meshes
[0.063s] -- Up-to-date: /home/jashan/training_pool/install/drdo_gz_worlds/share/drdo_gz_worlds/models/world1/meshes/Orthoimage_Clip1.jpg
[0.063s] -- Up-to-date: /home/jashan/training_pool/install/drdo_gz_worlds/share/drdo_gz_worlds/models/world1/meshes/terrain_raster.dae
[0.063s] -- Up-to-date: /home/jashan/training_pool/install/drdo_gz_worlds/share/drdo_gz_worlds/models/world1/model.config
[0.063s] -- Up-to-date: /home/jashan/training_pool/install/drdo_gz_worlds/share/drdo_gz_worlds/models/world1/model.sdf
[0.063s] -- Up-to-date: /home/jashan/training_pool/install/drdo_gz_worlds/share/drdo_gz_worlds/models/world2_mesh
[0.063s] -- Up-to-date: /home/jashan/training_pool/install/drdo_gz_worlds/share/drdo_gz_worlds/models/world2_mesh/meshes
[0.063s] -- Up-to-date: /home/jashan/training_pool/install/drdo_gz_worlds/share/drdo_gz_worlds/models/world2_mesh/meshes/terrain_raster2.dae
[0.063s] -- Up-to-date: /home/jashan/training_pool/install/drdo_gz_worlds/share/drdo_gz_worlds/models/world2_mesh/model.config
[0.063s] -- Up-to-date: /home/jashan/training_pool/install/drdo_gz_worlds/share/drdo_gz_worlds/models/world2_mesh/model.sdf
[0.063s] -- Up-to-date: /home/jashan/training_pool/install/drdo_gz_worlds/share/drdo_gz_worlds/models/world2
[0.063s] -- Up-to-date: /home/jashan/training_pool/install/drdo_gz_worlds/share/drdo_gz_worlds/models/world2/meshes
[0.063s] -- Up-to-date: /home/jashan/training_pool/install/drdo_gz_worlds/share/drdo_gz_worlds/models/world2/meshes/terrain_raster2.dae
[0.063s] -- Up-to-date: /home/jashan/training_pool/install/drdo_gz_worlds/share/drdo_gz_worlds/models/world2/meshes/final.jpg
[0.063s] -- Up-to-date: /home/jashan/training_pool/install/drdo_gz_worlds/share/drdo_gz_worlds/models/world2/meshes/world2.jpg
[0.063s] -- Up-to-date: /home/jashan/training_pool/install/drdo_gz_worlds/share/drdo_gz_worlds/models/world2/model.config
[0.063s] -- Up-to-date: /home/jashan/training_pool/install/drdo_gz_worlds/share/drdo_gz_worlds/models/world2/model.sdf
[0.063s] -- Up-to-date: /home/jashan/training_pool/install/drdo_gz_worlds/share/drdo_gz_worlds/models/world3
[0.063s] -- Up-to-date: /home/jashan/training_pool/install/drdo_gz_worlds/share/drdo_gz_worlds/models/world3/meshes
[0.063s] -- Up-to-date: /home/jashan/training_pool/install/drdo_gz_worlds/share/drdo_gz_worlds/models/world3/meshes/terrain_raster3.dae
[0.063s] -- Up-to-date: /home/jashan/training_pool/install/drdo_gz_worlds/share/drdo_gz_worlds/models/world3/meshes/EXPORT_GOOGLE_SAT_WM.tif
[0.063s] -- Up-to-date: /home/jashan/training_pool/install/drdo_gz_worlds/share/drdo_gz_worlds/models/world3/model.config
[0.063s] -- Up-to-date: /home/jashan/training_pool/install/drdo_gz_worlds/share/drdo_gz_worlds/models/world3/model.sdf
[0.063s] -- Up-to-date: /home/jashan/training_pool/install/drdo_gz_worlds/share/drdo_gz_worlds/launch
[0.063s] -- Up-to-date: /home/jashan/training_pool/install/drdo_gz_worlds/share/drdo_gz_worlds/launch/world.launch.py
[0.063s] -- Up-to-date: /home/jashan/training_pool/install/drdo_gz_worlds/share/ament_index/resource_index/package_run_dependencies/drdo_gz_worlds
[0.063s] -- Up-to-date: /home/jashan/training_pool/install/drdo_gz_worlds/share/ament_index/resource_index/parent_prefix_path/drdo_gz_worlds
[0.063s] -- Up-to-date: /home/jashan/training_pool/install/drdo_gz_worlds/share/drdo_gz_worlds/environment/ament_prefix_path.sh
[0.063s] -- Up-to-date: /home/jashan/training_pool/install/drdo_gz_worlds/share/drdo_gz_worlds/environment/ament_prefix_path.dsv
[0.063s] -- Up-to-date: /home/jashan/training_pool/install/drdo_gz_worlds/share/drdo_gz_worlds/environment/path.sh
[0.063s] -- Up-to-date: /home/jashan/training_pool/install/drdo_gz_worlds/share/drdo_gz_worlds/environment/path.dsv
[0.063s] -- Up-to-date: /home/jashan/training_pool/install/drdo_gz_worlds/share/drdo_gz_worlds/local_setup.bash
[0.064s] -- Up-to-date: /home/jashan/training_pool/install/drdo_gz_worlds/share/drdo_gz_worlds/local_setup.sh
[0.064s] -- Up-to-date: /home/jashan/training_pool/install/drdo_gz_worlds/share/drdo_gz_worlds/local_setup.zsh
[0.064s] -- Up-to-date: /home/jashan/training_pool/install/drdo_gz_worlds/share/drdo_gz_worlds/local_setup.dsv
[0.064s] -- Up-to-date: /home/jashan/training_pool/install/drdo_gz_worlds/share/drdo_gz_worlds/package.dsv
[0.064s] -- Up-to-date: /home/jashan/training_pool/install/drdo_gz_worlds/share/ament_index/resource_index/packages/drdo_gz_worlds
[0.064s] -- Up-to-date: /home/jashan/training_pool/install/drdo_gz_worlds/share/drdo_gz_worlds/cmake/drdo_gz_worldsConfig.cmake
[0.064s] -- Up-to-date: /home/jashan/training_pool/install/drdo_gz_worlds/share/drdo_gz_worlds/cmake/drdo_gz_worldsConfig-version.cmake
[0.064s] -- Up-to-date: /home/jashan/training_pool/install/drdo_gz_worlds/share/drdo_gz_worlds/package.xml
[0.065s] Invoked command in '/home/jashan/training_pool/build/drdo_gz_worlds' returned '0': CMAKE_PREFIX_PATH=${CMAKE_PREFIX_PATH}:/opt/ros/humble /usr/bin/cmake --install /home/jashan/training_pool/build/drdo_gz_worlds
