running egg_info
writing ../../build/uavcollab/uavcollab.egg-info/PKG-INFO
writing dependency_links to ../../build/uavcollab/uavcollab.egg-info/dependency_links.txt
writing entry points to ../../build/uavcollab/uavcollab.egg-info/entry_points.txt
writing requirements to ../../build/uavcollab/uavcollab.egg-info/requires.txt
writing top-level names to ../../build/uavcollab/uavcollab.egg-info/top_level.txt
reading manifest file '../../build/uavcollab/uavcollab.egg-info/SOURCES.txt'
adding license file 'LICENSE'
writing manifest file '../../build/uavcollab/uavcollab.egg-info/SOURCES.txt'
running build
running build_py
copying uavcollab/__init__.py -> /media/divy/2454fe4a-d2e4-460e-b4f5-df3cde6b9592/training_pool/build/uavcollab/build/lib/uavcollab
running install
running install_lib
running install_data
copying resource/uavcollab -> /media/divy/2454fe4a-d2e4-460e-b4f5-df3cde6b9592/training_pool/install/uavcollab/share/ament_index/resource_index/packages
copying package.xml -> /media/divy/2454fe4a-d2e4-460e-b4f5-df3cde6b9592/training_pool/install/uavcollab/share/uavcollab
copying launch/gazebo_launch.py -> /media/divy/2454fe4a-d2e4-460e-b4f5-df3cde6b9592/training_pool/install/uavcollab/share/uavcollab/launch
copying worlds/model.config -> /media/divy/2454fe4a-d2e4-460e-b4f5-df3cde6b9592/training_pool/install/uavcollab/share/uavcollab/worlds
copying worlds/model.sdf -> /media/divy/2454fe4a-d2e4-460e-b4f5-df3cde6b9592/training_pool/install/uavcollab/share/uavcollab/worlds
copying worlds/meshes/nb_park.dae -> /media/divy/2454fe4a-d2e4-460e-b4f5-df3cde6b9592/training_pool/install/uavcollab/share/uavcollab/worlds/meshes
copying worlds/thumbnails/5.png -> /media/divy/2454fe4a-d2e4-460e-b4f5-df3cde6b9592/training_pool/install/uavcollab/share/uavcollab/worlds/thumbnails
copying worlds/thumbnails/2.png -> /media/divy/2454fe4a-d2e4-460e-b4f5-df3cde6b9592/training_pool/install/uavcollab/share/uavcollab/worlds/thumbnails
copying worlds/thumbnails/3.png -> /media/divy/2454fe4a-d2e4-460e-b4f5-df3cde6b9592/training_pool/install/uavcollab/share/uavcollab/worlds/thumbnails
copying worlds/thumbnails/1.png -> /media/divy/2454fe4a-d2e4-460e-b4f5-df3cde6b9592/training_pool/install/uavcollab/share/uavcollab/worlds/thumbnails
copying worlds/thumbnails/4.png -> /media/divy/2454fe4a-d2e4-460e-b4f5-df3cde6b9592/training_pool/install/uavcollab/share/uavcollab/worlds/thumbnails
copying worlds/materials/textures/DoorWindow_Albedo.png -> /media/divy/2454fe4a-d2e4-460e-b4f5-df3cde6b9592/training_pool/install/uavcollab/share/uavcollab/worlds/thumbnails
copying worlds/materials/textures/Wall_Albedo.png -> /media/divy/2454fe4a-d2e4-460e-b4f5-df3cde6b9592/training_pool/install/uavcollab/share/uavcollab/worlds/thumbnails
copying worlds/materials/textures/Wall_Roughness.png -> /media/divy/2454fe4a-d2e4-460e-b4f5-df3cde6b9592/training_pool/install/uavcollab/share/uavcollab/worlds/thumbnails
copying worlds/materials/textures/Sand_Normal.png -> /media/divy/2454fe4a-d2e4-460e-b4f5-df3cde6b9592/training_pool/install/uavcollab/share/uavcollab/worlds/thumbnails
copying worlds/materials/textures/Road_Albedo.png -> /media/divy/2454fe4a-d2e4-460e-b4f5-df3cde6b9592/training_pool/install/uavcollab/share/uavcollab/worlds/thumbnails
copying worlds/materials/textures/Dock_Albedo.png -> /media/divy/2454fe4a-d2e4-460e-b4f5-df3cde6b9592/training_pool/install/uavcollab/share/uavcollab/worlds/thumbnails
copying worlds/materials/textures/Concrete_Normal.png -> /media/divy/2454fe4a-d2e4-460e-b4f5-df3cde6b9592/training_pool/install/uavcollab/share/uavcollab/worlds/thumbnails
copying worlds/materials/textures/EnvMap.dds -> /media/divy/2454fe4a-d2e4-460e-b4f5-df3cde6b9592/training_pool/install/uavcollab/share/uavcollab/worlds/thumbnails
copying worlds/materials/textures/Road_Roughness.png -> /media/divy/2454fe4a-d2e4-460e-b4f5-df3cde6b9592/training_pool/install/uavcollab/share/uavcollab/worlds/thumbnails
copying worlds/materials/textures/PalmTree_Albedo.png -> /media/divy/2454fe4a-d2e4-460e-b4f5-df3cde6b9592/training_pool/install/uavcollab/share/uavcollab/worlds/thumbnails
copying worlds/materials/textures/flat_normal.png -> /media/divy/2454fe4a-d2e4-460e-b4f5-df3cde6b9592/training_pool/install/uavcollab/share/uavcollab/worlds/thumbnails
copying worlds/materials/textures/Asphalt_Albedo.png -> /media/divy/2454fe4a-d2e4-460e-b4f5-df3cde6b9592/training_pool/install/uavcollab/share/uavcollab/worlds/thumbnails
copying worlds/materials/textures/Railing_Roughness.png -> /media/divy/2454fe4a-d2e4-460e-b4f5-df3cde6b9592/training_pool/install/uavcollab/share/uavcollab/worlds/thumbnails
copying worlds/materials/textures/Roof_Normal.png -> /media/divy/2454fe4a-d2e4-460e-b4f5-df3cde6b9592/training_pool/install/uavcollab/share/uavcollab/worlds/thumbnails
copying worlds/materials/textures/Roof_Roughness.png -> /media/divy/2454fe4a-d2e4-460e-b4f5-df3cde6b9592/training_pool/install/uavcollab/share/uavcollab/worlds/thumbnails
copying worlds/materials/textures/Grass_Normal.png -> /media/divy/2454fe4a-d2e4-460e-b4f5-df3cde6b9592/training_pool/install/uavcollab/share/uavcollab/worlds/thumbnails
copying worlds/materials/textures/PalmTree_Normal.png -> /media/divy/2454fe4a-d2e4-460e-b4f5-df3cde6b9592/training_pool/install/uavcollab/share/uavcollab/worlds/thumbnails
copying worlds/materials/textures/Railing_Albedo.png -> /media/divy/2454fe4a-d2e4-460e-b4f5-df3cde6b9592/training_pool/install/uavcollab/share/uavcollab/worlds/thumbnails
copying worlds/materials/textures/Road_Normal.png -> /media/divy/2454fe4a-d2e4-460e-b4f5-df3cde6b9592/training_pool/install/uavcollab/share/uavcollab/worlds/thumbnails
copying worlds/materials/textures/Grass_Albedo.jpg -> /media/divy/2454fe4a-d2e4-460e-b4f5-df3cde6b9592/training_pool/install/uavcollab/share/uavcollab/worlds/thumbnails
copying worlds/materials/textures/Wall_Normal.png -> /media/divy/2454fe4a-d2e4-460e-b4f5-df3cde6b9592/training_pool/install/uavcollab/share/uavcollab/worlds/thumbnails
copying worlds/materials/textures/Dock_Roughness.png -> /media/divy/2454fe4a-d2e4-460e-b4f5-df3cde6b9592/training_pool/install/uavcollab/share/uavcollab/worlds/thumbnails
copying worlds/materials/textures/Railing_Metalness.png -> /media/divy/2454fe4a-d2e4-460e-b4f5-df3cde6b9592/training_pool/install/uavcollab/share/uavcollab/worlds/thumbnails
copying worlds/materials/textures/Window_Albedo.png -> /media/divy/2454fe4a-d2e4-460e-b4f5-df3cde6b9592/training_pool/install/uavcollab/share/uavcollab/worlds/thumbnails
copying worlds/materials/textures/Asphalt_Roughness.png -> /media/divy/2454fe4a-d2e4-460e-b4f5-df3cde6b9592/training_pool/install/uavcollab/share/uavcollab/worlds/thumbnails
copying worlds/materials/textures/Concrete_Albedo.png -> /media/divy/2454fe4a-d2e4-460e-b4f5-df3cde6b9592/training_pool/install/uavcollab/share/uavcollab/worlds/thumbnails
copying worlds/materials/textures/Roof_Albedo.png -> /media/divy/2454fe4a-d2e4-460e-b4f5-df3cde6b9592/training_pool/install/uavcollab/share/uavcollab/worlds/thumbnails
copying worlds/materials/textures/Sand_Albedo.png -> /media/divy/2454fe4a-d2e4-460e-b4f5-df3cde6b9592/training_pool/install/uavcollab/share/uavcollab/worlds/thumbnails
copying worlds/materials/textures/Concrete_Roughness.png -> /media/divy/2454fe4a-d2e4-460e-b4f5-df3cde6b9592/training_pool/install/uavcollab/share/uavcollab/worlds/thumbnails
copying worlds/materials/textures/Dock_Normal.png -> /media/divy/2454fe4a-d2e4-460e-b4f5-df3cde6b9592/training_pool/install/uavcollab/share/uavcollab/worlds/thumbnails
copying worlds/materials/textures/Heightmap.png -> /media/divy/2454fe4a-d2e4-460e-b4f5-df3cde6b9592/training_pool/install/uavcollab/share/uavcollab/worlds/thumbnails
copying worlds/materials/textures/Tree_Albedo.png -> /media/divy/2454fe4a-d2e4-460e-b4f5-df3cde6b9592/training_pool/install/uavcollab/share/uavcollab/worlds/thumbnails
copying worlds/materials/textures/Window_Roughness.png -> /media/divy/2454fe4a-d2e4-460e-b4f5-df3cde6b9592/training_pool/install/uavcollab/share/uavcollab/worlds/thumbnails
copying worlds/materials/textures/Asphalt_Normal.png -> /media/divy/2454fe4a-d2e4-460e-b4f5-df3cde6b9592/training_pool/install/uavcollab/share/uavcollab/worlds/thumbnails
running install_egg_info
removing '/media/divy/2454fe4a-d2e4-460e-b4f5-df3cde6b9592/training_pool/install/uavcollab/lib/python3.10/site-packages/uavcollab-0.0.0-py3.10.egg-info' (and everything under it)
Copying ../../build/uavcollab/uavcollab.egg-info to /media/divy/2454fe4a-d2e4-460e-b4f5-df3cde6b9592/training_pool/install/uavcollab/lib/python3.10/site-packages/uavcollab-0.0.0-py3.10.egg-info
running install_scripts
Installing my_script_node script to /media/divy/2454fe4a-d2e4-460e-b4f5-df3cde6b9592/training_pool/install/uavcollab/lib/uavcollab
writing list of installed files to '/media/divy/2454fe4a-d2e4-460e-b4f5-df3cde6b9592/training_pool/build/uavcollab/install.log'
