[0.385s] Invoking command in '/media/divy/2454fe4a-d2e4-460e-b4f5-df3cde6b9592/training_pool/src/uavcollab': CONDA_PROMPT_MODIFIER=(base) PYTHONPATH=/media/divy/2454fe4a-d2e4-460e-b4f5-df3cde6b9592/training_pool/build/uavcollab/prefix_override:/usr/lib/python3/dist-packages/colcon_core/task/python/colcon_distutils_commands:/media/divy/2454fe4a-d2e4-460e-b4f5-df3cde6b9592/training_pool/install/uavcollab/lib/python3.10/site-packages:${PYTHONPATH} /usr/bin/python3 -W ignore:setup.py install is deprecated -W ignore:easy_install command is deprecated setup.py egg_info --egg-base ../../build/uavcollab build --build-base /media/divy/2454fe4a-d2e4-460e-b4f5-df3cde6b9592/training_pool/build/uavcollab/build install --record /media/divy/2454fe4a-d2e4-460e-b4f5-df3cde6b9592/training_pool/build/uavcollab/install.log --single-version-externally-managed install_data
[0.538s] running egg_info
[0.548s] writing ../../build/uavcollab/uavcollab.egg-info/PKG-INFO
[0.548s] writing dependency_links to ../../build/uavcollab/uavcollab.egg-info/dependency_links.txt
[0.548s] writing entry points to ../../build/uavcollab/uavcollab.egg-info/entry_points.txt
[0.548s] writing requirements to ../../build/uavcollab/uavcollab.egg-info/requires.txt
[0.549s] writing top-level names to ../../build/uavcollab/uavcollab.egg-info/top_level.txt
[0.568s] reading manifest file '../../build/uavcollab/uavcollab.egg-info/SOURCES.txt'
[0.569s] adding license file 'LICENSE'
[0.570s] writing manifest file '../../build/uavcollab/uavcollab.egg-info/SOURCES.txt'
[0.570s] running build
[0.570s] running build_py
[0.570s] copying uavcollab/__init__.py -> /media/divy/2454fe4a-d2e4-460e-b4f5-df3cde6b9592/training_pool/build/uavcollab/build/lib/uavcollab
[0.570s] running install
[0.572s] running install_lib
[0.582s] running install_data
[0.582s] copying resource/uavcollab -> /media/divy/2454fe4a-d2e4-460e-b4f5-df3cde6b9592/training_pool/install/uavcollab/share/ament_index/resource_index/packages
[0.582s] copying package.xml -> /media/divy/2454fe4a-d2e4-460e-b4f5-df3cde6b9592/training_pool/install/uavcollab/share/uavcollab
[0.582s] copying launch/gazebo_launch.py -> /media/divy/2454fe4a-d2e4-460e-b4f5-df3cde6b9592/training_pool/install/uavcollab/share/uavcollab/launch
[0.582s] copying worlds/model.config -> /media/divy/2454fe4a-d2e4-460e-b4f5-df3cde6b9592/training_pool/install/uavcollab/share/uavcollab/worlds
[0.583s] copying worlds/model.sdf -> /media/divy/2454fe4a-d2e4-460e-b4f5-df3cde6b9592/training_pool/install/uavcollab/share/uavcollab/worlds
[0.583s] copying worlds/meshes/nb_park.dae -> /media/divy/2454fe4a-d2e4-460e-b4f5-df3cde6b9592/training_pool/install/uavcollab/share/uavcollab/worlds/meshes
[0.586s] copying worlds/thumbnails/5.png -> /media/divy/2454fe4a-d2e4-460e-b4f5-df3cde6b9592/training_pool/install/uavcollab/share/uavcollab/worlds/thumbnails
[0.587s] copying worlds/thumbnails/2.png -> /media/divy/2454fe4a-d2e4-460e-b4f5-df3cde6b9592/training_pool/install/uavcollab/share/uavcollab/worlds/thumbnails
[0.587s] copying worlds/thumbnails/3.png -> /media/divy/2454fe4a-d2e4-460e-b4f5-df3cde6b9592/training_pool/install/uavcollab/share/uavcollab/worlds/thumbnails
[0.587s] copying worlds/thumbnails/1.png -> /media/divy/2454fe4a-d2e4-460e-b4f5-df3cde6b9592/training_pool/install/uavcollab/share/uavcollab/worlds/thumbnails
[0.588s] copying worlds/thumbnails/4.png -> /media/divy/2454fe4a-d2e4-460e-b4f5-df3cde6b9592/training_pool/install/uavcollab/share/uavcollab/worlds/thumbnails
[0.588s] copying worlds/materials/textures/DoorWindow_Albedo.png -> /media/divy/2454fe4a-d2e4-460e-b4f5-df3cde6b9592/training_pool/install/uavcollab/share/uavcollab/worlds/thumbnails
[0.589s] copying worlds/materials/textures/Wall_Albedo.png -> /media/divy/2454fe4a-d2e4-460e-b4f5-df3cde6b9592/training_pool/install/uavcollab/share/uavcollab/worlds/thumbnails
[0.590s] copying worlds/materials/textures/Wall_Roughness.png -> /media/divy/2454fe4a-d2e4-460e-b4f5-df3cde6b9592/training_pool/install/uavcollab/share/uavcollab/worlds/thumbnails
[0.591s] copying worlds/materials/textures/Sand_Normal.png -> /media/divy/2454fe4a-d2e4-460e-b4f5-df3cde6b9592/training_pool/install/uavcollab/share/uavcollab/worlds/thumbnails
[0.602s] copying worlds/materials/textures/Road_Albedo.png -> /media/divy/2454fe4a-d2e4-460e-b4f5-df3cde6b9592/training_pool/install/uavcollab/share/uavcollab/worlds/thumbnails
[0.604s] copying worlds/materials/textures/Dock_Albedo.png -> /media/divy/2454fe4a-d2e4-460e-b4f5-df3cde6b9592/training_pool/install/uavcollab/share/uavcollab/worlds/thumbnails
[0.606s] copying worlds/materials/textures/Concrete_Normal.png -> /media/divy/2454fe4a-d2e4-460e-b4f5-df3cde6b9592/training_pool/install/uavcollab/share/uavcollab/worlds/thumbnails
[0.616s] copying worlds/materials/textures/EnvMap.dds -> /media/divy/2454fe4a-d2e4-460e-b4f5-df3cde6b9592/training_pool/install/uavcollab/share/uavcollab/worlds/thumbnails
[0.628s] copying worlds/materials/textures/Road_Roughness.png -> /media/divy/2454fe4a-d2e4-460e-b4f5-df3cde6b9592/training_pool/install/uavcollab/share/uavcollab/worlds/thumbnails
[0.629s] copying worlds/materials/textures/PalmTree_Albedo.png -> /media/divy/2454fe4a-d2e4-460e-b4f5-df3cde6b9592/training_pool/install/uavcollab/share/uavcollab/worlds/thumbnails
[0.629s] copying worlds/materials/textures/flat_normal.png -> /media/divy/2454fe4a-d2e4-460e-b4f5-df3cde6b9592/training_pool/install/uavcollab/share/uavcollab/worlds/thumbnails
[0.629s] copying worlds/materials/textures/Asphalt_Albedo.png -> /media/divy/2454fe4a-d2e4-460e-b4f5-df3cde6b9592/training_pool/install/uavcollab/share/uavcollab/worlds/thumbnails
[0.633s] copying worlds/materials/textures/Railing_Roughness.png -> /media/divy/2454fe4a-d2e4-460e-b4f5-df3cde6b9592/training_pool/install/uavcollab/share/uavcollab/worlds/thumbnails
[0.633s] copying worlds/materials/textures/Roof_Normal.png -> /media/divy/2454fe4a-d2e4-460e-b4f5-df3cde6b9592/training_pool/install/uavcollab/share/uavcollab/worlds/thumbnails
[0.637s] copying worlds/materials/textures/Roof_Roughness.png -> /media/divy/2454fe4a-d2e4-460e-b4f5-df3cde6b9592/training_pool/install/uavcollab/share/uavcollab/worlds/thumbnails
[0.638s] copying worlds/materials/textures/Grass_Normal.png -> /media/divy/2454fe4a-d2e4-460e-b4f5-df3cde6b9592/training_pool/install/uavcollab/share/uavcollab/worlds/thumbnails
[0.651s] copying worlds/materials/textures/PalmTree_Normal.png -> /media/divy/2454fe4a-d2e4-460e-b4f5-df3cde6b9592/training_pool/install/uavcollab/share/uavcollab/worlds/thumbnails
[0.651s] copying worlds/materials/textures/Railing_Albedo.png -> /media/divy/2454fe4a-d2e4-460e-b4f5-df3cde6b9592/training_pool/install/uavcollab/share/uavcollab/worlds/thumbnails
[0.651s] copying worlds/materials/textures/Road_Normal.png -> /media/divy/2454fe4a-d2e4-460e-b4f5-df3cde6b9592/training_pool/install/uavcollab/share/uavcollab/worlds/thumbnails
[0.663s] copying worlds/materials/textures/Grass_Albedo.jpg -> /media/divy/2454fe4a-d2e4-460e-b4f5-df3cde6b9592/training_pool/install/uavcollab/share/uavcollab/worlds/thumbnails
[0.664s] copying worlds/materials/textures/Wall_Normal.png -> /media/divy/2454fe4a-d2e4-460e-b4f5-df3cde6b9592/training_pool/install/uavcollab/share/uavcollab/worlds/thumbnails
[0.664s] copying worlds/materials/textures/Dock_Roughness.png -> /media/divy/2454fe4a-d2e4-460e-b4f5-df3cde6b9592/training_pool/install/uavcollab/share/uavcollab/worlds/thumbnails
[0.665s] copying worlds/materials/textures/Railing_Metalness.png -> /media/divy/2454fe4a-d2e4-460e-b4f5-df3cde6b9592/training_pool/install/uavcollab/share/uavcollab/worlds/thumbnails
[0.665s] copying worlds/materials/textures/Window_Albedo.png -> /media/divy/2454fe4a-d2e4-460e-b4f5-df3cde6b9592/training_pool/install/uavcollab/share/uavcollab/worlds/thumbnails
[0.666s] copying worlds/materials/textures/Asphalt_Roughness.png -> /media/divy/2454fe4a-d2e4-460e-b4f5-df3cde6b9592/training_pool/install/uavcollab/share/uavcollab/worlds/thumbnails
[0.667s] copying worlds/materials/textures/Concrete_Albedo.png -> /media/divy/2454fe4a-d2e4-460e-b4f5-df3cde6b9592/training_pool/install/uavcollab/share/uavcollab/worlds/thumbnails
[0.668s] copying worlds/materials/textures/Roof_Albedo.png -> /media/divy/2454fe4a-d2e4-460e-b4f5-df3cde6b9592/training_pool/install/uavcollab/share/uavcollab/worlds/thumbnails
[0.671s] copying worlds/materials/textures/Sand_Albedo.png -> /media/divy/2454fe4a-d2e4-460e-b4f5-df3cde6b9592/training_pool/install/uavcollab/share/uavcollab/worlds/thumbnails
[0.675s] copying worlds/materials/textures/Concrete_Roughness.png -> /media/divy/2454fe4a-d2e4-460e-b4f5-df3cde6b9592/training_pool/install/uavcollab/share/uavcollab/worlds/thumbnails
[0.677s] copying worlds/materials/textures/Dock_Normal.png -> /media/divy/2454fe4a-d2e4-460e-b4f5-df3cde6b9592/training_pool/install/uavcollab/share/uavcollab/worlds/thumbnails
[0.687s] copying worlds/materials/textures/Tree_Albedo.png -> /media/divy/2454fe4a-d2e4-460e-b4f5-df3cde6b9592/training_pool/install/uavcollab/share/uavcollab/worlds/thumbnails
[0.687s] copying worlds/materials/textures/Window_Roughness.png -> /media/divy/2454fe4a-d2e4-460e-b4f5-df3cde6b9592/training_pool/install/uavcollab/share/uavcollab/worlds/thumbnails
[0.687s] copying worlds/materials/textures/Asphalt_Normal.png -> /media/divy/2454fe4a-d2e4-460e-b4f5-df3cde6b9592/training_pool/install/uavcollab/share/uavcollab/worlds/thumbnails
[0.699s] running install_egg_info
[0.710s] removing '/media/divy/2454fe4a-d2e4-460e-b4f5-df3cde6b9592/training_pool/install/uavcollab/lib/python3.10/site-packages/uavcollab-0.0.0-py3.10.egg-info' (and everything under it)
[0.710s] Copying ../../build/uavcollab/uavcollab.egg-info to /media/divy/2454fe4a-d2e4-460e-b4f5-df3cde6b9592/training_pool/install/uavcollab/lib/python3.10/site-packages/uavcollab-0.0.0-py3.10.egg-info
[0.710s] running install_scripts
[0.731s] Installing my_script_node script to /media/divy/2454fe4a-d2e4-460e-b4f5-df3cde6b9592/training_pool/install/uavcollab/lib/uavcollab
[0.733s] writing list of installed files to '/media/divy/2454fe4a-d2e4-460e-b4f5-df3cde6b9592/training_pool/build/uavcollab/install.log'
[0.749s] Invoked command in '/media/divy/2454fe4a-d2e4-460e-b4f5-df3cde6b9592/training_pool/src/uavcollab' returned '0': CONDA_PROMPT_MODIFIER=(base) PYTHONPATH=/media/divy/2454fe4a-d2e4-460e-b4f5-df3cde6b9592/training_pool/build/uavcollab/prefix_override:/usr/lib/python3/dist-packages/colcon_core/task/python/colcon_distutils_commands:/media/divy/2454fe4a-d2e4-460e-b4f5-df3cde6b9592/training_pool/install/uavcollab/lib/python3.10/site-packages:${PYTHONPATH} /usr/bin/python3 -W ignore:setup.py install is deprecated -W ignore:easy_install command is deprecated setup.py egg_info --egg-base ../../build/uavcollab build --build-base /media/divy/2454fe4a-d2e4-460e-b4f5-df3cde6b9592/training_pool/build/uavcollab/build install --record /media/divy/2454fe4a-d2e4-460e-b4f5-df3cde6b9592/training_pool/build/uavcollab/install.log --single-version-externally-managed install_data
