[0.414s] Invoking command in '/media/divy/2454fe4a-d2e4-460e-b4f5-df3cde6b9592/training_pool/src/uavcollab': CONDA_PROMPT_MODIFIER=(base) PYTHONPATH=/media/divy/2454fe4a-d2e4-460e-b4f5-df3cde6b9592/training_pool/build/uavcollab/prefix_override:/usr/lib/python3/dist-packages/colcon_core/task/python/colcon_distutils_commands:/media/divy/2454fe4a-d2e4-460e-b4f5-df3cde6b9592/training_pool/install/uavcollab/lib/python3.10/site-packages:${PYTHONPATH} /usr/bin/python3 -W ignore:setup.py install is deprecated -W ignore:easy_install command is deprecated setup.py egg_info --egg-base ../../build/uavcollab build --build-base /media/divy/2454fe4a-d2e4-460e-b4f5-df3cde6b9592/training_pool/build/uavcollab/build install --record /media/divy/2454fe4a-d2e4-460e-b4f5-df3cde6b9592/training_pool/build/uavcollab/install.log --single-version-externally-managed install_data
[0.573s] running egg_info
[0.582s] writing ../../build/uavcollab/uavcollab.egg-info/PKG-INFO
[0.582s] writing dependency_links to ../../build/uavcollab/uavcollab.egg-info/dependency_links.txt
[0.583s] writing entry points to ../../build/uavcollab/uavcollab.egg-info/entry_points.txt
[0.583s] writing requirements to ../../build/uavcollab/uavcollab.egg-info/requires.txt
[0.583s] writing top-level names to ../../build/uavcollab/uavcollab.egg-info/top_level.txt
[0.603s] reading manifest file '../../build/uavcollab/uavcollab.egg-info/SOURCES.txt'
[0.604s] adding license file 'LICENSE'
[0.604s] writing manifest file '../../build/uavcollab/uavcollab.egg-info/SOURCES.txt'
[0.605s] running build
[0.605s] running build_py
[0.605s] copying uavcollab/__init__.py -> /media/divy/2454fe4a-d2e4-460e-b4f5-df3cde6b9592/training_pool/build/uavcollab/build/lib/uavcollab
[0.605s] running install
[0.607s] running install_lib
[0.617s] running install_data
[0.617s] copying resource/uavcollab -> /media/divy/2454fe4a-d2e4-460e-b4f5-df3cde6b9592/training_pool/install/uavcollab/share/ament_index/resource_index/packages
[0.617s] copying package.xml -> /media/divy/2454fe4a-d2e4-460e-b4f5-df3cde6b9592/training_pool/install/uavcollab/share/uavcollab
[0.617s] copying launch/gazebo_launch.py -> /media/divy/2454fe4a-d2e4-460e-b4f5-df3cde6b9592/training_pool/install/uavcollab/share/uavcollab/launch
[0.618s] copying worlds/model.config -> /media/divy/2454fe4a-d2e4-460e-b4f5-df3cde6b9592/training_pool/install/uavcollab/share/uavcollab/worlds
[0.619s] copying worlds/model.sdf -> /media/divy/2454fe4a-d2e4-460e-b4f5-df3cde6b9592/training_pool/install/uavcollab/share/uavcollab/worlds
[0.619s] copying worlds/meshes/nb_park.dae -> /media/divy/2454fe4a-d2e4-460e-b4f5-df3cde6b9592/training_pool/install/uavcollab/share/uavcollab/worlds/meshes
[0.629s] copying worlds/thumbnails/5.png -> /media/divy/2454fe4a-d2e4-460e-b4f5-df3cde6b9592/training_pool/install/uavcollab/share/uavcollab/worlds/thumbnails
[0.631s] copying worlds/thumbnails/2.png -> /media/divy/2454fe4a-d2e4-460e-b4f5-df3cde6b9592/training_pool/install/uavcollab/share/uavcollab/worlds/thumbnails
[0.633s] copying worlds/thumbnails/3.png -> /media/divy/2454fe4a-d2e4-460e-b4f5-df3cde6b9592/training_pool/install/uavcollab/share/uavcollab/worlds/thumbnails
[0.635s] copying worlds/thumbnails/1.png -> /media/divy/2454fe4a-d2e4-460e-b4f5-df3cde6b9592/training_pool/install/uavcollab/share/uavcollab/worlds/thumbnails
[0.637s] copying worlds/thumbnails/4.png -> /media/divy/2454fe4a-d2e4-460e-b4f5-df3cde6b9592/training_pool/install/uavcollab/share/uavcollab/worlds/thumbnails
[0.639s] copying worlds/materials/textures/DoorWindow_Albedo.png -> /media/divy/2454fe4a-d2e4-460e-b4f5-df3cde6b9592/training_pool/install/uavcollab/share/uavcollab/worlds/thumbnails
[0.640s] copying worlds/materials/textures/Wall_Albedo.png -> /media/divy/2454fe4a-d2e4-460e-b4f5-df3cde6b9592/training_pool/install/uavcollab/share/uavcollab/worlds/thumbnails
[0.643s] copying worlds/materials/textures/Wall_Roughness.png -> /media/divy/2454fe4a-d2e4-460e-b4f5-df3cde6b9592/training_pool/install/uavcollab/share/uavcollab/worlds/thumbnails
[0.647s] copying worlds/materials/textures/Sand_Normal.png -> /media/divy/2454fe4a-d2e4-460e-b4f5-df3cde6b9592/training_pool/install/uavcollab/share/uavcollab/worlds/thumbnails
[0.674s] copying worlds/materials/textures/Road_Albedo.png -> /media/divy/2454fe4a-d2e4-460e-b4f5-df3cde6b9592/training_pool/install/uavcollab/share/uavcollab/worlds/thumbnails
[0.681s] copying worlds/materials/textures/Dock_Albedo.png -> /media/divy/2454fe4a-d2e4-460e-b4f5-df3cde6b9592/training_pool/install/uavcollab/share/uavcollab/worlds/thumbnails
[0.682s] copying worlds/materials/textures/Concrete_Normal.png -> /media/divy/2454fe4a-d2e4-460e-b4f5-df3cde6b9592/training_pool/install/uavcollab/share/uavcollab/worlds/thumbnails
[0.694s] copying worlds/materials/textures/EnvMap.dds -> /media/divy/2454fe4a-d2e4-460e-b4f5-df3cde6b9592/training_pool/install/uavcollab/share/uavcollab/worlds/thumbnails
[0.723s] copying worlds/materials/textures/Road_Roughness.png -> /media/divy/2454fe4a-d2e4-460e-b4f5-df3cde6b9592/training_pool/install/uavcollab/share/uavcollab/worlds/thumbnails
[0.727s] copying worlds/materials/textures/PalmTree_Albedo.png -> /media/divy/2454fe4a-d2e4-460e-b4f5-df3cde6b9592/training_pool/install/uavcollab/share/uavcollab/worlds/thumbnails
[0.728s] copying worlds/materials/textures/flat_normal.png -> /media/divy/2454fe4a-d2e4-460e-b4f5-df3cde6b9592/training_pool/install/uavcollab/share/uavcollab/worlds/thumbnails
[0.729s] copying worlds/materials/textures/Asphalt_Albedo.png -> /media/divy/2454fe4a-d2e4-460e-b4f5-df3cde6b9592/training_pool/install/uavcollab/share/uavcollab/worlds/thumbnails
[0.732s] copying worlds/materials/textures/Railing_Roughness.png -> /media/divy/2454fe4a-d2e4-460e-b4f5-df3cde6b9592/training_pool/install/uavcollab/share/uavcollab/worlds/thumbnails
[0.732s] copying worlds/materials/textures/Roof_Normal.png -> /media/divy/2454fe4a-d2e4-460e-b4f5-df3cde6b9592/training_pool/install/uavcollab/share/uavcollab/worlds/thumbnails
[0.741s] copying worlds/materials/textures/Roof_Roughness.png -> /media/divy/2454fe4a-d2e4-460e-b4f5-df3cde6b9592/training_pool/install/uavcollab/share/uavcollab/worlds/thumbnails
[0.745s] copying worlds/materials/textures/Grass_Normal.png -> /media/divy/2454fe4a-d2e4-460e-b4f5-df3cde6b9592/training_pool/install/uavcollab/share/uavcollab/worlds/thumbnails
[0.776s] copying worlds/materials/textures/PalmTree_Normal.png -> /media/divy/2454fe4a-d2e4-460e-b4f5-df3cde6b9592/training_pool/install/uavcollab/share/uavcollab/worlds/thumbnails
[0.777s] copying worlds/materials/textures/Railing_Albedo.png -> /media/divy/2454fe4a-d2e4-460e-b4f5-df3cde6b9592/training_pool/install/uavcollab/share/uavcollab/worlds/thumbnails
[0.777s] copying worlds/materials/textures/Road_Normal.png -> /media/divy/2454fe4a-d2e4-460e-b4f5-df3cde6b9592/training_pool/install/uavcollab/share/uavcollab/worlds/thumbnails
[0.806s] copying worlds/materials/textures/Grass_Albedo.jpg -> /media/divy/2454fe4a-d2e4-460e-b4f5-df3cde6b9592/training_pool/install/uavcollab/share/uavcollab/worlds/thumbnails
[0.810s] copying worlds/materials/textures/Wall_Normal.png -> /media/divy/2454fe4a-d2e4-460e-b4f5-df3cde6b9592/training_pool/install/uavcollab/share/uavcollab/worlds/thumbnails
[0.810s] copying worlds/materials/textures/Dock_Roughness.png -> /media/divy/2454fe4a-d2e4-460e-b4f5-df3cde6b9592/training_pool/install/uavcollab/share/uavcollab/worlds/thumbnails
[0.814s] copying worlds/materials/textures/Railing_Metalness.png -> /media/divy/2454fe4a-d2e4-460e-b4f5-df3cde6b9592/training_pool/install/uavcollab/share/uavcollab/worlds/thumbnails
[0.815s] copying worlds/materials/textures/Window_Albedo.png -> /media/divy/2454fe4a-d2e4-460e-b4f5-df3cde6b9592/training_pool/install/uavcollab/share/uavcollab/worlds/thumbnails
[0.815s] copying worlds/materials/textures/Asphalt_Roughness.png -> /media/divy/2454fe4a-d2e4-460e-b4f5-df3cde6b9592/training_pool/install/uavcollab/share/uavcollab/worlds/thumbnails
[0.817s] copying worlds/materials/textures/Concrete_Albedo.png -> /media/divy/2454fe4a-d2e4-460e-b4f5-df3cde6b9592/training_pool/install/uavcollab/share/uavcollab/worlds/thumbnails
[0.817s] copying worlds/materials/textures/Roof_Albedo.png -> /media/divy/2454fe4a-d2e4-460e-b4f5-df3cde6b9592/training_pool/install/uavcollab/share/uavcollab/worlds/thumbnails
[0.826s] copying worlds/materials/textures/Sand_Albedo.png -> /media/divy/2454fe4a-d2e4-460e-b4f5-df3cde6b9592/training_pool/install/uavcollab/share/uavcollab/worlds/thumbnails
[0.837s] copying worlds/materials/textures/Concrete_Roughness.png -> /media/divy/2454fe4a-d2e4-460e-b4f5-df3cde6b9592/training_pool/install/uavcollab/share/uavcollab/worlds/thumbnails
[0.842s] copying worlds/materials/textures/Dock_Normal.png -> /media/divy/2454fe4a-d2e4-460e-b4f5-df3cde6b9592/training_pool/install/uavcollab/share/uavcollab/worlds/thumbnails
[0.864s] copying worlds/materials/textures/Heightmap.png -> /media/divy/2454fe4a-d2e4-460e-b4f5-df3cde6b9592/training_pool/install/uavcollab/share/uavcollab/worlds/thumbnails
[0.866s] copying worlds/materials/textures/Tree_Albedo.png -> /media/divy/2454fe4a-d2e4-460e-b4f5-df3cde6b9592/training_pool/install/uavcollab/share/uavcollab/worlds/thumbnails
[0.870s] copying worlds/materials/textures/Window_Roughness.png -> /media/divy/2454fe4a-d2e4-460e-b4f5-df3cde6b9592/training_pool/install/uavcollab/share/uavcollab/worlds/thumbnails
[0.870s] copying worlds/materials/textures/Asphalt_Normal.png -> /media/divy/2454fe4a-d2e4-460e-b4f5-df3cde6b9592/training_pool/install/uavcollab/share/uavcollab/worlds/thumbnails
[0.885s] running install_egg_info
[0.896s] removing '/media/divy/2454fe4a-d2e4-460e-b4f5-df3cde6b9592/training_pool/install/uavcollab/lib/python3.10/site-packages/uavcollab-0.0.0-py3.10.egg-info' (and everything under it)
[0.896s] Copying ../../build/uavcollab/uavcollab.egg-info to /media/divy/2454fe4a-d2e4-460e-b4f5-df3cde6b9592/training_pool/install/uavcollab/lib/python3.10/site-packages/uavcollab-0.0.0-py3.10.egg-info
[0.897s] running install_scripts
[0.918s] Installing my_script_node script to /media/divy/2454fe4a-d2e4-460e-b4f5-df3cde6b9592/training_pool/install/uavcollab/lib/uavcollab
[0.919s] writing list of installed files to '/media/divy/2454fe4a-d2e4-460e-b4f5-df3cde6b9592/training_pool/build/uavcollab/install.log'
[0.935s] Invoked command in '/media/divy/2454fe4a-d2e4-460e-b4f5-df3cde6b9592/training_pool/src/uavcollab' returned '0': CONDA_PROMPT_MODIFIER=(base) PYTHONPATH=/media/divy/2454fe4a-d2e4-460e-b4f5-df3cde6b9592/training_pool/build/uavcollab/prefix_override:/usr/lib/python3/dist-packages/colcon_core/task/python/colcon_distutils_commands:/media/divy/2454fe4a-d2e4-460e-b4f5-df3cde6b9592/training_pool/install/uavcollab/lib/python3.10/site-packages:${PYTHONPATH} /usr/bin/python3 -W ignore:setup.py install is deprecated -W ignore:easy_install command is deprecated setup.py egg_info --egg-base ../../build/uavcollab build --build-base /media/divy/2454fe4a-d2e4-460e-b4f5-df3cde6b9592/training_pool/build/uavcollab/build install --record /media/divy/2454fe4a-d2e4-460e-b4f5-df3cde6b9592/training_pool/build/uavcollab/install.log --single-version-externally-managed install_data
