[0.008s] Invoking command in '/home/jashan/training_pool/build/ackermann_gz_bringup': CMAKE_PREFIX_PATH=/opt/ros/humble /usr/bin/cmake /home/jashan/training_pool/src/ackermann_gz_bringup -DCMAKE_INSTALL_PREFIX=/home/jashan/training_pool/install/ackermann_gz_bringup
[0.058s] -- The C compiler identification is GNU 11.4.0
[0.105s] -- The CXX compiler identification is GNU 11.4.0
[0.112s] -- Detecting C compiler ABI info
[0.157s] -- Detecting C compiler ABI info - done
[0.163s] -- Check for working C compiler: /usr/lib/ccache/cc - skipped
[0.163s] -- Detecting C compile features
[0.163s] -- Detecting C compile features - done
[0.165s] -- Detecting CXX compiler ABI info
[0.218s] -- Detecting CXX compiler ABI info - done
[0.227s] -- Check for working CXX compiler: /usr/lib/ccache/c++ - skipped
[0.227s] -- Detecting CXX compile features
[0.228s] -- Detecting CXX compile features - done
[0.230s] -- Found ament_cmake: 1.3.11 (/opt/ros/humble/share/ament_cmake/cmake)
[0.337s] -- Found Python3: /usr/bin/python3 (found version "3.10.12") found components: Interpreter 
[0.449s] -- Configuring done
[0.449s] -- Generating done
[0.449s] -- Build files have been written to: /home/jashan/training_pool/build/ackermann_gz_bringup
[0.452s] Invoked command in '/home/jashan/training_pool/build/ackermann_gz_bringup' returned '0': CMAKE_PREFIX_PATH=/opt/ros/humble /usr/bin/cmake /home/jashan/training_pool/src/ackermann_gz_bringup -DCMAKE_INSTALL_PREFIX=/home/jashan/training_pool/install/ackermann_gz_bringup
[0.453s] Invoking command in '/home/jashan/training_pool/build/ackermann_gz_bringup': CMAKE_PREFIX_PATH=/opt/ros/humble /usr/bin/cmake --build /home/jashan/training_pool/build/ackermann_gz_bringup -- -j20 -l20
[0.488s] Invoked command in '/home/jashan/training_pool/build/ackermann_gz_bringup' returned '0': CMAKE_PREFIX_PATH=/opt/ros/humble /usr/bin/cmake --build /home/jashan/training_pool/build/ackermann_gz_bringup -- -j20 -l20
[0.489s] Invoking command in '/home/jashan/training_pool/build/ackermann_gz_bringup': CMAKE_PREFIX_PATH=/opt/ros/humble /usr/bin/cmake --install /home/jashan/training_pool/build/ackermann_gz_bringup
[0.496s] -- Install configuration: ""
[0.496s] -- Installing: /home/jashan/training_pool/install/ackermann_gz_bringup/share/ackermann_gz_bringup/launch
[0.496s] -- Installing: /home/jashan/training_pool/install/ackermann_gz_bringup/share/ackermann_gz_bringup/launch/spawn_ackermann.launch.py
[0.496s] -- Installing: /home/jashan/training_pool/install/ackermann_gz_bringup/share/ackermann_gz_bringup/models
[0.497s] -- Installing: /home/jashan/training_pool/install/ackermann_gz_bringup/share/ackermann_gz_bringup/models/ackermann_bot
[0.497s] -- Installing: /home/jashan/training_pool/install/ackermann_gz_bringup/share/ackermann_gz_bringup/models/ackermann_bot/materials
[0.497s] -- Installing: /home/jashan/training_pool/install/ackermann_gz_bringup/share/ackermann_gz_bringup/models/ackermann_bot/materials/textures
[0.497s] -- Installing: /home/jashan/training_pool/install/ackermann_gz_bringup/share/ackermann_gz_bringup/models/ackermann_bot/materials/textures/aruco_marker_0.png
[0.497s] -- Installing: /home/jashan/training_pool/install/ackermann_gz_bringup/share/ackermann_gz_bringup/models/ackermann_bot/model.config
[0.497s] -- Installing: /home/jashan/training_pool/install/ackermann_gz_bringup/share/ackermann_gz_bringup/models/ackermann_bot/model.sdf
[0.497s] -- Installing: /home/jashan/training_pool/install/ackermann_gz_bringup/share/ament_index/resource_index/package_run_dependencies/ackermann_gz_bringup
[0.497s] -- Installing: /home/jashan/training_pool/install/ackermann_gz_bringup/share/ament_index/resource_index/parent_prefix_path/ackermann_gz_bringup
[0.497s] -- Installing: /home/jashan/training_pool/install/ackermann_gz_bringup/share/ackermann_gz_bringup/environment/ament_prefix_path.sh
[0.497s] -- Installing: /home/jashan/training_pool/install/ackermann_gz_bringup/share/ackermann_gz_bringup/environment/ament_prefix_path.dsv
[0.497s] -- Installing: /home/jashan/training_pool/install/ackermann_gz_bringup/share/ackermann_gz_bringup/environment/path.sh
[0.498s] -- Installing: /home/jashan/training_pool/install/ackermann_gz_bringup/share/ackermann_gz_bringup/environment/path.dsv
[0.498s] -- Installing: /home/jashan/training_pool/install/ackermann_gz_bringup/share/ackermann_gz_bringup/local_setup.bash
[0.498s] -- Installing: /home/jashan/training_pool/install/ackermann_gz_bringup/share/ackermann_gz_bringup/local_setup.sh
[0.498s] -- Installing: /home/jashan/training_pool/install/ackermann_gz_bringup/share/ackermann_gz_bringup/local_setup.zsh
[0.498s] -- Installing: /home/jashan/training_pool/install/ackermann_gz_bringup/share/ackermann_gz_bringup/local_setup.dsv
[0.498s] -- Installing: /home/jashan/training_pool/install/ackermann_gz_bringup/share/ackermann_gz_bringup/package.dsv
[0.498s] -- Installing: /home/jashan/training_pool/install/ackermann_gz_bringup/share/ament_index/resource_index/packages/ackermann_gz_bringup
[0.499s] -- Installing: /home/jashan/training_pool/install/ackermann_gz_bringup/share/ackermann_gz_bringup/cmake/ackermann_gz_bringupConfig.cmake
[0.499s] -- Installing: /home/jashan/training_pool/install/ackermann_gz_bringup/share/ackermann_gz_bringup/cmake/ackermann_gz_bringupConfig-version.cmake
[0.499s] -- Installing: /home/jashan/training_pool/install/ackermann_gz_bringup/share/ackermann_gz_bringup/package.xml
[0.501s] Invoked command in '/home/jashan/training_pool/build/ackermann_gz_bringup' returned '0': CMAKE_PREFIX_PATH=/opt/ros/humble /usr/bin/cmake --install /home/jashan/training_pool/build/ackermann_gz_bringup
