[0.060s] DEBUG:colcon:Command line arguments: ['/usr/bin/colcon', 'build']
[0.060s] DEBUG:colcon:Parsed command line arguments: Namespace(log_base=None, log_level=None, verb_name='build', build_base='build', install_base='install', merge_install=False, symlink_install=False, test_result_base=None, continue_on_error=False, executor='parallel', parallel_workers=12, event_handlers=None, ignore_user_meta=False, metas=['./colcon.meta'], base_paths=['.'], packages_ignore=None, packages_ignore_regex=None, paths=None, packages_up_to=None, packages_up_to_regex=None, packages_above=None, packages_above_and_dependencies=None, packages_above_depth=None, packages_select_by_dep=None, packages_skip_by_dep=None, packages_skip_up_to=None, packages_select_build_failed=False, packages_skip_build_finished=False, packages_select_test_failures=False, packages_skip_test_passed=False, packages_select=None, packages_skip=None, packages_select_regex=None, packages_skip_regex=None, packages_start=None, packages_end=None, allow_overriding=[], cmake_args=None, cmake_target=None, cmake_target_skip_unavailable=False, cmake_clean_cache=False, cmake_clean_first=False, cmake_force_configure=False, ament_cmake_args=None, catkin_cmake_args=None, catkin_skip_building_tests=False, verb_parser=<colcon_defaults.argument_parser.defaults.DefaultArgumentsDecorator object at 0x76427acbc820>, verb_extension=<colcon_core.verb.build.BuildVerb object at 0x76427acbc2b0>, main=<bound method BuildVerb.main of <colcon_core.verb.build.BuildVerb object at 0x76427acbc2b0>>)
[0.082s] Level 1:colcon.colcon_core.package_discovery:discover_packages(colcon_meta) check parameters
[0.082s] Level 1:colcon.colcon_core.package_discovery:discover_packages(recursive) check parameters
[0.082s] Level 1:colcon.colcon_core.package_discovery:discover_packages(ignore) check parameters
[0.082s] Level 1:colcon.colcon_core.package_discovery:discover_packages(path) check parameters
[0.082s] Level 1:colcon.colcon_core.package_discovery:discover_packages(colcon_meta) discover
[0.082s] Level 1:colcon.colcon_core.package_discovery:discover_packages(recursive) discover
[0.082s] INFO:colcon.colcon_core.package_discovery:Crawling recursively for packages in '/media/divy/2454fe4a-d2e4-460e-b4f5-df3cde6b9592/training_pool'
[0.082s] Level 1:colcon.colcon_core.package_identification:_identify(.) by extensions ['ignore', 'ignore_ament_install']
[0.082s] Level 1:colcon.colcon_core.package_identification:_identify(.) by extension 'ignore'
[0.082s] Level 1:colcon.colcon_core.package_identification:_identify(.) by extension 'ignore_ament_install'
[0.082s] Level 1:colcon.colcon_core.package_identification:_identify(.) by extensions ['colcon_pkg']
[0.082s] Level 1:colcon.colcon_core.package_identification:_identify(.) by extension 'colcon_pkg'
[0.082s] Level 1:colcon.colcon_core.package_identification:_identify(.) by extensions ['colcon_meta']
[0.082s] Level 1:colcon.colcon_core.package_identification:_identify(.) by extension 'colcon_meta'
[0.082s] Level 1:colcon.colcon_core.package_identification:_identify(.) by extensions ['ros']
[0.082s] Level 1:colcon.colcon_core.package_identification:_identify(.) by extension 'ros'
[0.091s] Level 1:colcon.colcon_core.package_identification:_identify(.) by extensions ['cmake', 'python']
[0.091s] Level 1:colcon.colcon_core.package_identification:_identify(.) by extension 'cmake'
[0.091s] Level 1:colcon.colcon_core.package_identification:_identify(.) by extension 'python'
[0.091s] Level 1:colcon.colcon_core.package_identification:_identify(.) by extensions ['python_setup_py']
[0.091s] Level 1:colcon.colcon_core.package_identification:_identify(.) by extension 'python_setup_py'
[0.091s] Level 1:colcon.colcon_core.package_identification:_identify(build) by extensions ['ignore', 'ignore_ament_install']
[0.091s] Level 1:colcon.colcon_core.package_identification:_identify(build) by extension 'ignore'
[0.091s] Level 1:colcon.colcon_core.package_identification:_identify(build) ignored
[0.091s] Level 1:colcon.colcon_core.package_identification:_identify(install) by extensions ['ignore', 'ignore_ament_install']
[0.091s] Level 1:colcon.colcon_core.package_identification:_identify(install) by extension 'ignore'
[0.091s] Level 1:colcon.colcon_core.package_identification:_identify(install) ignored
[0.091s] Level 1:colcon.colcon_core.package_identification:_identify(log) by extensions ['ignore', 'ignore_ament_install']
[0.091s] Level 1:colcon.colcon_core.package_identification:_identify(log) by extension 'ignore'
[0.092s] Level 1:colcon.colcon_core.package_identification:_identify(log) ignored
[0.092s] Level 1:colcon.colcon_core.package_identification:_identify(src) by extensions ['ignore', 'ignore_ament_install']
[0.092s] Level 1:colcon.colcon_core.package_identification:_identify(src) by extension 'ignore'
[0.092s] Level 1:colcon.colcon_core.package_identification:_identify(src) by extension 'ignore_ament_install'
[0.092s] Level 1:colcon.colcon_core.package_identification:_identify(src) by extensions ['colcon_pkg']
[0.092s] Level 1:colcon.colcon_core.package_identification:_identify(src) by extension 'colcon_pkg'
[0.092s] Level 1:colcon.colcon_core.package_identification:_identify(src) by extensions ['colcon_meta']
[0.092s] Level 1:colcon.colcon_core.package_identification:_identify(src) by extension 'colcon_meta'
[0.092s] Level 1:colcon.colcon_core.package_identification:_identify(src) by extensions ['ros']
[0.092s] Level 1:colcon.colcon_core.package_identification:_identify(src) by extension 'ros'
[0.092s] Level 1:colcon.colcon_core.package_identification:_identify(src) by extensions ['cmake', 'python']
[0.092s] Level 1:colcon.colcon_core.package_identification:_identify(src) by extension 'cmake'
[0.092s] Level 1:colcon.colcon_core.package_identification:_identify(src) by extension 'python'
[0.092s] Level 1:colcon.colcon_core.package_identification:_identify(src) by extensions ['python_setup_py']
[0.092s] Level 1:colcon.colcon_core.package_identification:_identify(src) by extension 'python_setup_py'
[0.092s] Level 1:colcon.colcon_core.package_identification:_identify(src/uavcollab) by extensions ['ignore', 'ignore_ament_install']
[0.092s] Level 1:colcon.colcon_core.package_identification:_identify(src/uavcollab) by extension 'ignore'
[0.092s] Level 1:colcon.colcon_core.package_identification:_identify(src/uavcollab) by extension 'ignore_ament_install'
[0.092s] Level 1:colcon.colcon_core.package_identification:_identify(src/uavcollab) by extensions ['colcon_pkg']
[0.092s] Level 1:colcon.colcon_core.package_identification:_identify(src/uavcollab) by extension 'colcon_pkg'
[0.092s] Level 1:colcon.colcon_core.package_identification:_identify(src/uavcollab) by extensions ['colcon_meta']
[0.092s] Level 1:colcon.colcon_core.package_identification:_identify(src/uavcollab) by extension 'colcon_meta'
[0.092s] Level 1:colcon.colcon_core.package_identification:_identify(src/uavcollab) by extensions ['ros']
[0.092s] Level 1:colcon.colcon_core.package_identification:_identify(src/uavcollab) by extension 'ros'
[0.093s] DEBUG:colcon.colcon_core.package_identification:Package 'src/uavcollab' with type 'ros.ament_python' and name 'uavcollab'
[0.093s] Level 1:colcon.colcon_core.package_discovery:discover_packages(recursive) using defaults
[0.093s] Level 1:colcon.colcon_core.package_discovery:discover_packages(ignore) discover
[0.093s] Level 1:colcon.colcon_core.package_discovery:discover_packages(ignore) using defaults
[0.093s] Level 1:colcon.colcon_core.package_discovery:discover_packages(path) discover
[0.093s] Level 1:colcon.colcon_core.package_discovery:discover_packages(path) using defaults
[0.106s] Level 1:colcon.colcon_core.package_discovery:discover_packages(prefix_path) check parameters
[0.106s] Level 1:colcon.colcon_core.package_discovery:discover_packages(prefix_path) discover
[0.107s] DEBUG:colcon.colcon_installed_package_information.package_discovery:Found 1 installed packages in /media/divy/2454fe4a-d2e4-460e-b4f5-df3cde6b9592/training_pool/install
[0.107s] DEBUG:colcon.colcon_installed_package_information.package_discovery:Found 1 installed packages in /home/divy/ros2_ws/install
[0.108s] DEBUG:colcon.colcon_installed_package_information.package_discovery:Found 448 installed packages in /opt/ros/humble
[0.109s] Level 1:colcon.colcon_core.package_discovery:discover_packages(prefix_path) using defaults
[0.136s] Level 5:colcon.colcon_core.verb:set package 'uavcollab' build argument 'cmake_args' from command line to 'None'
[0.136s] Level 5:colcon.colcon_core.verb:set package 'uavcollab' build argument 'cmake_target' from command line to 'None'
[0.136s] Level 5:colcon.colcon_core.verb:set package 'uavcollab' build argument 'cmake_target_skip_unavailable' from command line to 'False'
[0.136s] Level 5:colcon.colcon_core.verb:set package 'uavcollab' build argument 'cmake_clean_cache' from command line to 'False'
[0.136s] Level 5:colcon.colcon_core.verb:set package 'uavcollab' build argument 'cmake_clean_first' from command line to 'False'
[0.136s] Level 5:colcon.colcon_core.verb:set package 'uavcollab' build argument 'cmake_force_configure' from command line to 'False'
[0.136s] Level 5:colcon.colcon_core.verb:set package 'uavcollab' build argument 'ament_cmake_args' from command line to 'None'
[0.136s] Level 5:colcon.colcon_core.verb:set package 'uavcollab' build argument 'catkin_cmake_args' from command line to 'None'
[0.136s] Level 5:colcon.colcon_core.verb:set package 'uavcollab' build argument 'catkin_skip_building_tests' from command line to 'False'
[0.136s] DEBUG:colcon.colcon_core.verb:Building package 'uavcollab' with the following arguments: {'ament_cmake_args': None, 'build_base': '/media/divy/2454fe4a-d2e4-460e-b4f5-df3cde6b9592/training_pool/build/uavcollab', 'catkin_cmake_args': None, 'catkin_skip_building_tests': False, 'cmake_args': None, 'cmake_clean_cache': False, 'cmake_clean_first': False, 'cmake_force_configure': False, 'cmake_target': None, 'cmake_target_skip_unavailable': False, 'install_base': '/media/divy/2454fe4a-d2e4-460e-b4f5-df3cde6b9592/training_pool/install/uavcollab', 'merge_install': False, 'path': '/media/divy/2454fe4a-d2e4-460e-b4f5-df3cde6b9592/training_pool/src/uavcollab', 'symlink_install': False, 'test_result_base': None}
[0.137s] INFO:colcon.colcon_core.executor:Executing jobs using 'parallel' executor
[0.137s] DEBUG:colcon.colcon_parallel_executor.executor.parallel:run_until_complete
[0.138s] INFO:colcon.colcon_ros.task.ament_python.build:Building ROS package in '/media/divy/2454fe4a-d2e4-460e-b4f5-df3cde6b9592/training_pool/src/uavcollab' with build type 'ament_python'
[0.138s] Level 1:colcon.colcon_core.shell:create_environment_hook('uavcollab', 'ament_prefix_path')
[0.139s] INFO:colcon.colcon_core.plugin_system:Skipping extension 'colcon_core.shell.bat': Not used on non-Windows systems
[0.139s] INFO:colcon.colcon_core.shell:Creating environment hook '/media/divy/2454fe4a-d2e4-460e-b4f5-df3cde6b9592/training_pool/install/uavcollab/share/uavcollab/hook/ament_prefix_path.ps1'
[0.139s] INFO:colcon.colcon_core.shell:Creating environment descriptor '/media/divy/2454fe4a-d2e4-460e-b4f5-df3cde6b9592/training_pool/install/uavcollab/share/uavcollab/hook/ament_prefix_path.dsv'
[0.139s] INFO:colcon.colcon_core.shell:Creating environment hook '/media/divy/2454fe4a-d2e4-460e-b4f5-df3cde6b9592/training_pool/install/uavcollab/share/uavcollab/hook/ament_prefix_path.sh'
[0.140s] INFO:colcon.colcon_core.shell:Skip shell extension 'powershell' for command environment: Not usable outside of PowerShell
[0.140s] DEBUG:colcon.colcon_core.shell:Skip shell extension 'dsv' for command environment
[0.279s] INFO:colcon.colcon_core.task.python.build:Building Python package in '/media/divy/2454fe4a-d2e4-460e-b4f5-df3cde6b9592/training_pool/src/uavcollab'
[0.279s] INFO:colcon.colcon_core.shell:Skip shell extension 'powershell' for command environment: Not usable outside of PowerShell
[0.279s] DEBUG:colcon.colcon_core.shell:Skip shell extension 'dsv' for command environment
[0.527s] DEBUG:colcon.colcon_core.event_handler.log_command:Invoking command in '/media/divy/2454fe4a-d2e4-460e-b4f5-df3cde6b9592/training_pool/src/uavcollab': CONDA_PROMPT_MODIFIER=(base) PYTHONPATH=/media/divy/2454fe4a-d2e4-460e-b4f5-df3cde6b9592/training_pool/build/uavcollab/prefix_override:/usr/lib/python3/dist-packages/colcon_core/task/python/colcon_distutils_commands:/media/divy/2454fe4a-d2e4-460e-b4f5-df3cde6b9592/training_pool/install/uavcollab/lib/python3.10/site-packages:${PYTHONPATH} /usr/bin/python3 -W ignore:setup.py install is deprecated -W ignore:easy_install command is deprecated setup.py egg_info --egg-base ../../build/uavcollab build --build-base /media/divy/2454fe4a-d2e4-460e-b4f5-df3cde6b9592/training_pool/build/uavcollab/build install --record /media/divy/2454fe4a-d2e4-460e-b4f5-df3cde6b9592/training_pool/build/uavcollab/install.log --single-version-externally-managed install_data
[0.882s] DEBUG:colcon.colcon_core.event_handler.log_command:Invoked command in '/media/divy/2454fe4a-d2e4-460e-b4f5-df3cde6b9592/training_pool/src/uavcollab' returned '0': CONDA_PROMPT_MODIFIER=(base) PYTHONPATH=/media/divy/2454fe4a-d2e4-460e-b4f5-df3cde6b9592/training_pool/build/uavcollab/prefix_override:/usr/lib/python3/dist-packages/colcon_core/task/python/colcon_distutils_commands:/media/divy/2454fe4a-d2e4-460e-b4f5-df3cde6b9592/training_pool/install/uavcollab/lib/python3.10/site-packages:${PYTHONPATH} /usr/bin/python3 -W ignore:setup.py install is deprecated -W ignore:easy_install command is deprecated setup.py egg_info --egg-base ../../build/uavcollab build --build-base /media/divy/2454fe4a-d2e4-460e-b4f5-df3cde6b9592/training_pool/build/uavcollab/build install --record /media/divy/2454fe4a-d2e4-460e-b4f5-df3cde6b9592/training_pool/build/uavcollab/install.log --single-version-externally-managed install_data
[0.883s] Level 1:colcon.colcon_core.environment:checking '/media/divy/2454fe4a-d2e4-460e-b4f5-df3cde6b9592/training_pool/install/uavcollab' for CMake module files
[0.883s] Level 1:colcon.colcon_core.environment:checking '/media/divy/2454fe4a-d2e4-460e-b4f5-df3cde6b9592/training_pool/install/uavcollab' for CMake config files
[0.884s] Level 1:colcon.colcon_core.environment:checking '/media/divy/2454fe4a-d2e4-460e-b4f5-df3cde6b9592/training_pool/install/uavcollab/lib'
[0.884s] Level 1:colcon.colcon_core.environment:checking '/media/divy/2454fe4a-d2e4-460e-b4f5-df3cde6b9592/training_pool/install/uavcollab/bin'
[0.884s] Level 1:colcon.colcon_core.environment:checking '/media/divy/2454fe4a-d2e4-460e-b4f5-df3cde6b9592/training_pool/install/uavcollab/lib/pkgconfig/uavcollab.pc'
[0.884s] Level 1:colcon.colcon_core.environment:checking '/media/divy/2454fe4a-d2e4-460e-b4f5-df3cde6b9592/training_pool/install/uavcollab/lib/python3.10/site-packages'
[0.884s] Level 1:colcon.colcon_core.shell:create_environment_hook('uavcollab', 'pythonpath')
[0.884s] INFO:colcon.colcon_core.shell:Creating environment hook '/media/divy/2454fe4a-d2e4-460e-b4f5-df3cde6b9592/training_pool/install/uavcollab/share/uavcollab/hook/pythonpath.ps1'
[0.885s] INFO:colcon.colcon_core.shell:Creating environment descriptor '/media/divy/2454fe4a-d2e4-460e-b4f5-df3cde6b9592/training_pool/install/uavcollab/share/uavcollab/hook/pythonpath.dsv'
[0.885s] INFO:colcon.colcon_core.shell:Creating environment hook '/media/divy/2454fe4a-d2e4-460e-b4f5-df3cde6b9592/training_pool/install/uavcollab/share/uavcollab/hook/pythonpath.sh'
[0.885s] Level 1:colcon.colcon_core.environment:checking '/media/divy/2454fe4a-d2e4-460e-b4f5-df3cde6b9592/training_pool/install/uavcollab/bin'
[0.885s] Level 1:colcon.colcon_core.environment:create_environment_scripts_only(uavcollab)
[0.885s] INFO:colcon.colcon_core.shell:Creating package script '/media/divy/2454fe4a-d2e4-460e-b4f5-df3cde6b9592/training_pool/install/uavcollab/share/uavcollab/package.ps1'
[0.886s] INFO:colcon.colcon_core.shell:Creating package descriptor '/media/divy/2454fe4a-d2e4-460e-b4f5-df3cde6b9592/training_pool/install/uavcollab/share/uavcollab/package.dsv'
[0.886s] INFO:colcon.colcon_core.shell:Creating package script '/media/divy/2454fe4a-d2e4-460e-b4f5-df3cde6b9592/training_pool/install/uavcollab/share/uavcollab/package.sh'
[0.887s] INFO:colcon.colcon_core.shell:Creating package script '/media/divy/2454fe4a-d2e4-460e-b4f5-df3cde6b9592/training_pool/install/uavcollab/share/uavcollab/package.bash'
[0.887s] INFO:colcon.colcon_core.shell:Creating package script '/media/divy/2454fe4a-d2e4-460e-b4f5-df3cde6b9592/training_pool/install/uavcollab/share/uavcollab/package.zsh'
[0.887s] Level 1:colcon.colcon_core.environment:create_file_with_runtime_dependencies(/media/divy/2454fe4a-d2e4-460e-b4f5-df3cde6b9592/training_pool/install/uavcollab/share/colcon-core/packages/uavcollab)
[0.887s] DEBUG:colcon.colcon_parallel_executor.executor.parallel:closing loop
[0.887s] DEBUG:colcon.colcon_parallel_executor.executor.parallel:loop closed
[0.887s] DEBUG:colcon.colcon_parallel_executor.executor.parallel:run_until_complete finished with '0'
[0.887s] DEBUG:colcon.colcon_core.event_reactor:joining thread
[0.891s] INFO:colcon.colcon_core.plugin_system:Skipping extension 'colcon_notification.desktop_notification.terminal_notifier': Not used on non-Darwin systems
[0.891s] INFO:colcon.colcon_core.plugin_system:Skipping extension 'colcon_notification.desktop_notification.win32': Not used on non-Windows systems
[0.891s] INFO:colcon.colcon_notification.desktop_notification:Sending desktop notification using 'notify2'
[0.897s] DEBUG:colcon.colcon_core.event_reactor:joined thread
[0.897s] INFO:colcon.colcon_core.shell:Creating prefix script '/media/divy/2454fe4a-d2e4-460e-b4f5-df3cde6b9592/training_pool/install/local_setup.ps1'
[0.898s] INFO:colcon.colcon_core.shell:Creating prefix util module '/media/divy/2454fe4a-d2e4-460e-b4f5-df3cde6b9592/training_pool/install/_local_setup_util_ps1.py'
[0.899s] INFO:colcon.colcon_core.shell:Creating prefix chain script '/media/divy/2454fe4a-d2e4-460e-b4f5-df3cde6b9592/training_pool/install/setup.ps1'
[0.900s] INFO:colcon.colcon_core.shell:Creating prefix script '/media/divy/2454fe4a-d2e4-460e-b4f5-df3cde6b9592/training_pool/install/local_setup.sh'
[0.900s] INFO:colcon.colcon_core.shell:Creating prefix util module '/media/divy/2454fe4a-d2e4-460e-b4f5-df3cde6b9592/training_pool/install/_local_setup_util_sh.py'
[0.900s] INFO:colcon.colcon_core.shell:Creating prefix chain script '/media/divy/2454fe4a-d2e4-460e-b4f5-df3cde6b9592/training_pool/install/setup.sh'
[0.901s] INFO:colcon.colcon_core.shell:Creating prefix script '/media/divy/2454fe4a-d2e4-460e-b4f5-df3cde6b9592/training_pool/install/local_setup.bash'
[0.901s] INFO:colcon.colcon_core.shell:Creating prefix chain script '/media/divy/2454fe4a-d2e4-460e-b4f5-df3cde6b9592/training_pool/install/setup.bash'
[0.902s] INFO:colcon.colcon_core.shell:Creating prefix script '/media/divy/2454fe4a-d2e4-460e-b4f5-df3cde6b9592/training_pool/install/local_setup.zsh'
[0.902s] INFO:colcon.colcon_core.shell:Creating prefix chain script '/media/divy/2454fe4a-d2e4-460e-b4f5-df3cde6b9592/training_pool/install/setup.zsh'
