-- Install configuration: ""
-- Up-to-date: /home/jashan/training_pool/install/drdo_gz_worlds/share/drdo_gz_worlds/worlds
-- Up-to-date: /home/jashan/training_pool/install/drdo_gz_worlds/share/drdo_gz_worlds/worlds/drdo_world2.sdf
-- Up-to-date: /home/jashan/training_pool/install/drdo_gz_worlds/share/drdo_gz_worlds/worlds/drdo_world1.sdf
-- Up-to-date: /home/jashan/training_pool/install/drdo_gz_worlds/share/drdo_gz_worlds/worlds/drdo_world1_overlay.sdf
-- Up-to-date: /home/jashan/training_pool/install/drdo_gz_worlds/share/drdo_gz_worlds/worlds/drdo_world3.sdf
-- Up-to-date: /home/jashan/training_pool/install/drdo_gz_worlds/share/drdo_gz_worlds/worlds/drdo_world2_overlay.sdf
-- Up-to-date: /home/jashan/training_pool/install/drdo_gz_worlds/share/drdo_gz_worlds/models
-- Up-to-date: /home/jashan/training_pool/install/drdo_gz_worlds/share/drdo_gz_worlds/models/world1_mesh
-- Up-to-date: /home/jashan/training_pool/install/drdo_gz_worlds/share/drdo_gz_worlds/models/world1_mesh/meshes
-- Up-to-date: /home/jashan/training_pool/install/drdo_gz_worlds/share/drdo_gz_worlds/models/world1_mesh/meshes/terrain_raster.dae
-- Up-to-date: /home/jashan/training_pool/install/drdo_gz_worlds/share/drdo_gz_worlds/models/world1_mesh/model.config
-- Installing: /home/jashan/training_pool/install/drdo_gz_worlds/share/drdo_gz_worlds/models/world1_mesh/model.sdf
-- Up-to-date: /home/jashan/training_pool/install/drdo_gz_worlds/share/drdo_gz_worlds/models/world1
-- Up-to-date: /home/jashan/training_pool/install/drdo_gz_worlds/share/drdo_gz_worlds/models/world1/meshes
-- Up-to-date: /home/jashan/training_pool/install/drdo_gz_worlds/share/drdo_gz_worlds/models/world1/meshes/Orthoimage_Clip1.jpg
-- Up-to-date: /home/jashan/training_pool/install/drdo_gz_worlds/share/drdo_gz_worlds/models/world1/meshes/terrain_raster.dae
-- Up-to-date: /home/jashan/training_pool/install/drdo_gz_worlds/share/drdo_gz_worlds/models/world1/model.config
-- Installing: /home/jashan/training_pool/install/drdo_gz_worlds/share/drdo_gz_worlds/models/world1/model.sdf
-- Up-to-date: /home/jashan/training_pool/install/drdo_gz_worlds/share/drdo_gz_worlds/models/world2_mesh
-- Up-to-date: /home/jashan/training_pool/install/drdo_gz_worlds/share/drdo_gz_worlds/models/world2_mesh/meshes
-- Up-to-date: /home/jashan/training_pool/install/drdo_gz_worlds/share/drdo_gz_worlds/models/world2_mesh/meshes/terrain_raster2.dae
-- Up-to-date: /home/jashan/training_pool/install/drdo_gz_worlds/share/drdo_gz_worlds/models/world2_mesh/model.config
-- Installing: /home/jashan/training_pool/install/drdo_gz_worlds/share/drdo_gz_worlds/models/world2_mesh/model.sdf
-- Up-to-date: /home/jashan/training_pool/install/drdo_gz_worlds/share/drdo_gz_worlds/models/world2
-- Up-to-date: /home/jashan/training_pool/install/drdo_gz_worlds/share/drdo_gz_worlds/models/world2/meshes
-- Up-to-date: /home/jashan/training_pool/install/drdo_gz_worlds/share/drdo_gz_worlds/models/world2/meshes/terrain_raster2.dae
-- Up-to-date: /home/jashan/training_pool/install/drdo_gz_worlds/share/drdo_gz_worlds/models/world2/meshes/final.jpg
-- Up-to-date: /home/jashan/training_pool/install/drdo_gz_worlds/share/drdo_gz_worlds/models/world2/meshes/world2.jpg
-- Up-to-date: /home/jashan/training_pool/install/drdo_gz_worlds/share/drdo_gz_worlds/models/world2/model.config
-- Installing: /home/jashan/training_pool/install/drdo_gz_worlds/share/drdo_gz_worlds/models/world2/model.sdf
-- Up-to-date: /home/jashan/training_pool/install/drdo_gz_worlds/share/drdo_gz_worlds/models/world3
-- Up-to-date: /home/jashan/training_pool/install/drdo_gz_worlds/share/drdo_gz_worlds/models/world3/meshes
-- Up-to-date: /home/jashan/training_pool/install/drdo_gz_worlds/share/drdo_gz_worlds/models/world3/meshes/terrain_raster3.dae
-- Up-to-date: /home/jashan/training_pool/install/drdo_gz_worlds/share/drdo_gz_worlds/models/world3/meshes/EXPORT_GOOGLE_SAT_WM.tif
-- Up-to-date: /home/jashan/training_pool/install/drdo_gz_worlds/share/drdo_gz_worlds/models/world3/model.config
-- Installing: /home/jashan/training_pool/install/drdo_gz_worlds/share/drdo_gz_worlds/models/world3/model.sdf
-- Up-to-date: /home/jashan/training_pool/install/drdo_gz_worlds/share/drdo_gz_worlds/launch
-- Up-to-date: /home/jashan/training_pool/install/drdo_gz_worlds/share/drdo_gz_worlds/launch/world.launch.py
-- Up-to-date: /home/jashan/training_pool/install/drdo_gz_worlds/share/ament_index/resource_index/package_run_dependencies/drdo_gz_worlds
-- Up-to-date: /home/jashan/training_pool/install/drdo_gz_worlds/share/ament_index/resource_index/parent_prefix_path/drdo_gz_worlds
-- Up-to-date: /home/jashan/training_pool/install/drdo_gz_worlds/share/drdo_gz_worlds/environment/ament_prefix_path.sh
-- Up-to-date: /home/jashan/training_pool/install/drdo_gz_worlds/share/drdo_gz_worlds/environment/ament_prefix_path.dsv
-- Up-to-date: /home/jashan/training_pool/install/drdo_gz_worlds/share/drdo_gz_worlds/environment/path.sh
-- Up-to-date: /home/jashan/training_pool/install/drdo_gz_worlds/share/drdo_gz_worlds/environment/path.dsv
-- Up-to-date: /home/jashan/training_pool/install/drdo_gz_worlds/share/drdo_gz_worlds/local_setup.bash
-- Up-to-date: /home/jashan/training_pool/install/drdo_gz_worlds/share/drdo_gz_worlds/local_setup.sh
-- Up-to-date: /home/jashan/training_pool/install/drdo_gz_worlds/share/drdo_gz_worlds/local_setup.zsh
-- Up-to-date: /home/jashan/training_pool/install/drdo_gz_worlds/share/drdo_gz_worlds/local_setup.dsv
-- Installing: /home/jashan/training_pool/install/drdo_gz_worlds/share/drdo_gz_worlds/package.dsv
-- Up-to-date: /home/jashan/training_pool/install/drdo_gz_worlds/share/ament_index/resource_index/packages/drdo_gz_worlds
-- Up-to-date: /home/jashan/training_pool/install/drdo_gz_worlds/share/drdo_gz_worlds/cmake/drdo_gz_worldsConfig.cmake
-- Up-to-date: /home/jashan/training_pool/install/drdo_gz_worlds/share/drdo_gz_worlds/cmake/drdo_gz_worldsConfig-version.cmake
-- Up-to-date: /home/jashan/training_pool/install/drdo_gz_worlds/share/drdo_gz_worlds/package.xml
