[0.006s] Invoking command in '/home/jashan/training_pool/build/drdo_gz_worlds': CMAKE_PREFIX_PATH=/opt/ros/humble /usr/bin/cmake /home/jashan/training_pool/src/drdo_gz_worlds -DCMAKE_INSTALL_PREFIX=/home/jashan/training_pool/install/drdo_gz_worlds
[0.053s] -- The C compiler identification is GNU 11.4.0
[0.097s] -- The CXX compiler identification is GNU 11.4.0
[0.104s] -- Detecting C compiler ABI info
[0.150s] -- Detecting C compiler ABI info - done
[0.159s] -- Check for working C compiler: /usr/lib/ccache/cc - skipped
[0.159s] -- Detecting C compile features
[0.159s] -- Detecting C compile features - done
[0.161s] -- Detecting CXX compiler ABI info
[0.212s] -- Detecting CXX compiler ABI info - done
[0.219s] -- Check for working CXX compiler: /usr/lib/ccache/c++ - skipped
[0.220s] -- Detecting CXX compile features
[0.220s] -- Detecting CXX compile features - done
[0.222s] -- Found ament_cmake: 1.3.11 (/opt/ros/humble/share/ament_cmake/cmake)
[0.333s] -- Found Python3: /usr/bin/python3 (found version "3.10.12") found components: Interpreter 
[0.437s] -- Configuring done
[0.438s] -- Generating done
[0.439s] -- Build files have been written to: /home/jashan/training_pool/build/drdo_gz_worlds
[0.443s] Invoked command in '/home/jashan/training_pool/build/drdo_gz_worlds' returned '0': CMAKE_PREFIX_PATH=/opt/ros/humble /usr/bin/cmake /home/jashan/training_pool/src/drdo_gz_worlds -DCMAKE_INSTALL_PREFIX=/home/jashan/training_pool/install/drdo_gz_worlds
[0.443s] Invoking command in '/home/jashan/training_pool/build/drdo_gz_worlds': CMAKE_PREFIX_PATH=/opt/ros/humble /usr/bin/cmake --build /home/jashan/training_pool/build/drdo_gz_worlds -- -j20 -l20
[0.477s] Invoked command in '/home/jashan/training_pool/build/drdo_gz_worlds' returned '0': CMAKE_PREFIX_PATH=/opt/ros/humble /usr/bin/cmake --build /home/jashan/training_pool/build/drdo_gz_worlds -- -j20 -l20
[0.483s] Invoking command in '/home/jashan/training_pool/build/drdo_gz_worlds': CMAKE_PREFIX_PATH=/opt/ros/humble /usr/bin/cmake --install /home/jashan/training_pool/build/drdo_gz_worlds
[0.488s] -- Install configuration: ""
[0.488s] -- Installing: /home/jashan/training_pool/install/drdo_gz_worlds/share/drdo_gz_worlds/worlds
[0.488s] -- Installing: /home/jashan/training_pool/install/drdo_gz_worlds/share/drdo_gz_worlds/worlds/drdo_world2.sdf
[0.488s] -- Installing: /home/jashan/training_pool/install/drdo_gz_worlds/share/drdo_gz_worlds/worlds/drdo_world1.sdf
[0.488s] -- Installing: /home/jashan/training_pool/install/drdo_gz_worlds/share/drdo_gz_worlds/worlds/drdo_world1_overlay.sdf
[0.488s] -- Installing: /home/jashan/training_pool/install/drdo_gz_worlds/share/drdo_gz_worlds/worlds/drdo_world3.sdf
[0.488s] -- Installing: /home/jashan/training_pool/install/drdo_gz_worlds/share/drdo_gz_worlds/worlds/drdo_world2_overlay.sdf
[0.488s] -- Installing: /home/jashan/training_pool/install/drdo_gz_worlds/share/drdo_gz_worlds/models
[0.488s] -- Installing: /home/jashan/training_pool/install/drdo_gz_worlds/share/drdo_gz_worlds/models/world1_mesh
[0.488s] -- Installing: /home/jashan/training_pool/install/drdo_gz_worlds/share/drdo_gz_worlds/models/world1_mesh/meshes
[0.488s] -- Installing: /home/jashan/training_pool/install/drdo_gz_worlds/share/drdo_gz_worlds/models/world1_mesh/meshes/terrain_raster.dae
[0.492s] -- Installing: /home/jashan/training_pool/install/drdo_gz_worlds/share/drdo_gz_worlds/models/world1_mesh/model.config
[0.492s] -- Installing: /home/jashan/training_pool/install/drdo_gz_worlds/share/drdo_gz_worlds/models/world1_mesh/model.sdf
[0.492s] -- Installing: /home/jashan/training_pool/install/drdo_gz_worlds/share/drdo_gz_worlds/models/world1
[0.492s] -- Installing: /home/jashan/training_pool/install/drdo_gz_worlds/share/drdo_gz_worlds/models/world1/meshes
[0.492s] -- Installing: /home/jashan/training_pool/install/drdo_gz_worlds/share/drdo_gz_worlds/models/world1/meshes/Orthoimage_Clip1.jpg
[0.492s] -- Installing: /home/jashan/training_pool/install/drdo_gz_worlds/share/drdo_gz_worlds/models/world1/meshes/terrain_raster.dae
[0.496s] -- Installing: /home/jashan/training_pool/install/drdo_gz_worlds/share/drdo_gz_worlds/models/world1/model.config
[0.496s] -- Installing: /home/jashan/training_pool/install/drdo_gz_worlds/share/drdo_gz_worlds/models/world1/model.sdf
[0.496s] -- Installing: /home/jashan/training_pool/install/drdo_gz_worlds/share/drdo_gz_worlds/models/world2_mesh
[0.496s] -- Installing: /home/jashan/training_pool/install/drdo_gz_worlds/share/drdo_gz_worlds/models/world2_mesh/meshes
[0.496s] -- Installing: /home/jashan/training_pool/install/drdo_gz_worlds/share/drdo_gz_worlds/models/world2_mesh/meshes/terrain_raster2.dae
[0.506s] -- Installing: /home/jashan/training_pool/install/drdo_gz_worlds/share/drdo_gz_worlds/models/world2_mesh/model.config
[0.506s] -- Installing: /home/jashan/training_pool/install/drdo_gz_worlds/share/drdo_gz_worlds/models/world2_mesh/model.sdf
[0.506s] -- Installing: /home/jashan/training_pool/install/drdo_gz_worlds/share/drdo_gz_worlds/models/world2
[0.506s] -- Installing: /home/jashan/training_pool/install/drdo_gz_worlds/share/drdo_gz_worlds/models/world2/meshes
[0.506s] -- Installing: /home/jashan/training_pool/install/drdo_gz_worlds/share/drdo_gz_worlds/models/world2/meshes/terrain_raster2.dae
[0.506s] -- Installing: /home/jashan/training_pool/install/drdo_gz_worlds/share/drdo_gz_worlds/models/world2/meshes/final.jpg
[0.506s] -- Installing: /home/jashan/training_pool/install/drdo_gz_worlds/share/drdo_gz_worlds/models/world2/meshes/world2.jpg
[0.506s] -- Installing: /home/jashan/training_pool/install/drdo_gz_worlds/share/drdo_gz_worlds/models/world2/model.config
[0.506s] -- Installing: /home/jashan/training_pool/install/drdo_gz_worlds/share/drdo_gz_worlds/models/world2/model.sdf
[0.506s] -- Installing: /home/jashan/training_pool/install/drdo_gz_worlds/share/drdo_gz_worlds/models/world3
[0.506s] -- Installing: /home/jashan/training_pool/install/drdo_gz_worlds/share/drdo_gz_worlds/models/world3/meshes
[0.506s] -- Installing: /home/jashan/training_pool/install/drdo_gz_worlds/share/drdo_gz_worlds/models/world3/meshes/terrain_raster3.dae
[0.519s] -- Installing: /home/jashan/training_pool/install/drdo_gz_worlds/share/drdo_gz_worlds/models/world3/meshes/EXPORT_GOOGLE_SAT_WM.tif
[0.521s] -- Installing: /home/jashan/training_pool/install/drdo_gz_worlds/share/drdo_gz_worlds/models/world3/model.config
[0.521s] -- Installing: /home/jashan/training_pool/install/drdo_gz_worlds/share/drdo_gz_worlds/models/world3/model.sdf
[0.521s] -- Installing: /home/jashan/training_pool/install/drdo_gz_worlds/share/drdo_gz_worlds/launch
[0.521s] -- Installing: /home/jashan/training_pool/install/drdo_gz_worlds/share/drdo_gz_worlds/launch/world.launch.py
[0.521s] -- Installing: /home/jashan/training_pool/install/drdo_gz_worlds/share/ament_index/resource_index/package_run_dependencies/drdo_gz_worlds
[0.521s] -- Installing: /home/jashan/training_pool/install/drdo_gz_worlds/share/ament_index/resource_index/parent_prefix_path/drdo_gz_worlds
[0.521s] -- Installing: /home/jashan/training_pool/install/drdo_gz_worlds/share/drdo_gz_worlds/environment/ament_prefix_path.sh
[0.521s] -- Installing: /home/jashan/training_pool/install/drdo_gz_worlds/share/drdo_gz_worlds/environment/ament_prefix_path.dsv
[0.521s] -- Installing: /home/jashan/training_pool/install/drdo_gz_worlds/share/drdo_gz_worlds/environment/path.sh
[0.521s] -- Installing: /home/jashan/training_pool/install/drdo_gz_worlds/share/drdo_gz_worlds/environment/path.dsv
[0.521s] -- Installing: /home/jashan/training_pool/install/drdo_gz_worlds/share/drdo_gz_worlds/local_setup.bash
[0.521s] -- Installing: /home/jashan/training_pool/install/drdo_gz_worlds/share/drdo_gz_worlds/local_setup.sh
[0.521s] -- Installing: /home/jashan/training_pool/install/drdo_gz_worlds/share/drdo_gz_worlds/local_setup.zsh
[0.521s] -- Installing: /home/jashan/training_pool/install/drdo_gz_worlds/share/drdo_gz_worlds/local_setup.dsv
[0.521s] -- Installing: /home/jashan/training_pool/install/drdo_gz_worlds/share/drdo_gz_worlds/package.dsv
[0.521s] -- Installing: /home/jashan/training_pool/install/drdo_gz_worlds/share/ament_index/resource_index/packages/drdo_gz_worlds
[0.521s] -- Installing: /home/jashan/training_pool/install/drdo_gz_worlds/share/drdo_gz_worlds/cmake/drdo_gz_worldsConfig.cmake
[0.521s] -- Installing: /home/jashan/training_pool/install/drdo_gz_worlds/share/drdo_gz_worlds/cmake/drdo_gz_worldsConfig-version.cmake
[0.521s] -- Installing: /home/jashan/training_pool/install/drdo_gz_worlds/share/drdo_gz_worlds/package.xml
[0.523s] Invoked command in '/home/jashan/training_pool/build/drdo_gz_worlds' returned '0': CMAKE_PREFIX_PATH=/opt/ros/humble /usr/bin/cmake --install /home/jashan/training_pool/build/drdo_gz_worlds
